Hour (24 hrs) : Minute : Second : Milisecond | <Player Name> : Message

13:03:05.247 +Callum Connected
13:03:06.341 Pinanas: Hello!
13:03:06.394 Callum: Hellow :D
13:03:06.395 Pinanas: ah, yolk star
13:03:06.395 Callum: its so hard
13:03:06.966 Pinanas: yeah
13:03:07.359 Callum: i hate him
13:03:07.363 +Mugen Yami Connected
13:03:07.364 Callum: Halo!
13:03:07.365 Pinanas: Hi
13:03:08.043 Mugen Yami: hi guys
13:03:08.044 +817 Connected
13:03:08.101 -817 Disconnected
13:03:08.102 Callum: Hellow
13:03:08.649 Mugen Yami: lol
13:03:08.649 Callum: i gtg, bai~
13:03:08.694 Pinanas: Bye!
13:03:08.695 Mugen Yami: bye
13:03:08.832 -Callum Disconnected